[0.366s] Invoking command in '/home/arrgusr/ROS2Dev/ws_sem26_2/build/scara_bringup': CMAKE_PREFIX_PATH=${CMAKE_PREFIX_PATH}:/opt/ros/jazzy DEBUGINFOD_URLS=https://debuginfod.ubuntu.com /usr/bin/cmake /home/arrgusr/ROS2Dev/ws_sem26_2/src/scara_bringup -DCMAKE_INSTALL_PREFIX=/home/arrgusr/ROS2Dev/ws_sem26_2/install/scara_bringup
[0.454s] -- The C compiler identification is GNU 13.3.0
[0.562s] -- The CXX compiler identification is GNU 13.3.0
[0.586s] -- Detecting C compiler ABI info
[0.765s] -- Detecting C compiler ABI info - done
[0.796s] -- Check for working C compiler: /usr/bin/cc - skipped
[0.797s] -- Detecting C compile features
[0.797s] -- Detecting C compile features - done
[0.828s] -- Detecting CXX compiler ABI info
[0.999s] -- Detecting CXX compiler ABI info - done
[1.031s] -- Check for working CXX compiler: /usr/bin/c++ - skipped
[1.032s] -- Detecting CXX compile features
[1.032s] -- Detecting CXX compile features - done
[1.042s] -- Found ament_cmake: 2.5.6 (/opt/ros/jazzy/share/ament_cmake/cmake)
[2.339s] -- Found Python3: /home/arrgusr/.pyenv/shims/python3 (found version "3.12.3") found components: Interpreter 
[2.813s] -- Configuring done (2.4s)
[2.816s] -- Generating done (0.0s)
[2.818s] -- Build files have been written to: /home/arrgusr/ROS2Dev/ws_sem26_2/build/scara_bringup
[2.830s] Invoked command in '/home/arrgusr/ROS2Dev/ws_sem26_2/build/scara_bringup' returned '0': CMAKE_PREFIX_PATH=${CMAKE_PREFIX_PATH}:/opt/ros/jazzy DEBUGINFOD_URLS=https://debuginfod.ubuntu.com /usr/bin/cmake /home/arrgusr/ROS2Dev/ws_sem26_2/src/scara_bringup -DCMAKE_INSTALL_PREFIX=/home/arrgusr/ROS2Dev/ws_sem26_2/install/scara_bringup
[2.835s] Invoking command in '/home/arrgusr/ROS2Dev/ws_sem26_2/build/scara_bringup': CMAKE_PREFIX_PATH=${CMAKE_PREFIX_PATH}:/opt/ros/jazzy DEBUGINFOD_URLS=https://debuginfod.ubuntu.com /usr/bin/cmake --build /home/arrgusr/ROS2Dev/ws_sem26_2/build/scara_bringup -- -j2 -l2
[2.890s] Invoked command in '/home/arrgusr/ROS2Dev/ws_sem26_2/build/scara_bringup' returned '0': CMAKE_PREFIX_PATH=${CMAKE_PREFIX_PATH}:/opt/ros/jazzy DEBUGINFOD_URLS=https://debuginfod.ubuntu.com /usr/bin/cmake --build /home/arrgusr/ROS2Dev/ws_sem26_2/build/scara_bringup -- -j2 -l2
[2.907s] Invoking command in '/home/arrgusr/ROS2Dev/ws_sem26_2/build/scara_bringup': CMAKE_PREFIX_PATH=${CMAKE_PREFIX_PATH}:/opt/ros/jazzy DEBUGINFOD_URLS=https://debuginfod.ubuntu.com /usr/bin/cmake --install /home/arrgusr/ROS2Dev/ws_sem26_2/build/scara_bringup
[2.923s] -- Install configuration: ""
[2.923s] -- Installing: /home/arrgusr/ROS2Dev/ws_sem26_2/install/scara_bringup/share/scara_bringup//launch
[2.923s] -- Installing: /home/arrgusr/ROS2Dev/ws_sem26_2/install/scara_bringup/share/scara_bringup//launch/gz2_scara.launch.py
[2.926s] -- Installing: /home/arrgusr/ROS2Dev/ws_sem26_2/install/scara_bringup/share/scara_bringup//rviz
[2.928s] -- Installing: /home/arrgusr/ROS2Dev/ws_sem26_2/install/scara_bringup/share/scara_bringup//rviz/scara_trajectory_controller_rviz.rviz
[2.928s] -- Installing: /home/arrgusr/ROS2Dev/ws_sem26_2/install/scara_bringup/share/scara_bringup//rviz/scara_config.rviz
[2.928s] -- Installing: /home/arrgusr/ROS2Dev/ws_sem26_2/install/scara_bringup/share/scara_bringup//worlds
[2.929s] -- Installing: /home/arrgusr/ROS2Dev/ws_sem26_2/install/scara_bringup/share/scara_bringup//worlds/world_config.world
[2.930s] -- Installing: /home/arrgusr/ROS2Dev/ws_sem26_2/install/scara_bringup/share/scara_bringup//worlds/test_world
[2.930s] -- Installing: /home/arrgusr/ROS2Dev/ws_sem26_2/install/scara_bringup/share/scara_bringup//worlds/test_world/model.sdf
[2.932s] -- Installing: /home/arrgusr/ROS2Dev/ws_sem26_2/install/scara_bringup/share/scara_bringup//worlds/test_world/model.config
[2.932s] -- Installing: /home/arrgusr/ROS2Dev/ws_sem26_2/install/scara_bringup/share/scara_bringup//worlds/test_w_1.world
[2.938s] -- Installing: /home/arrgusr/ROS2Dev/ws_sem26_2/install/scara_bringup/share/scara_bringup//worlds/test_2_world
[2.938s] -- Installing: /home/arrgusr/ROS2Dev/ws_sem26_2/install/scara_bringup/share/scara_bringup//worlds/test_2_world/roberto
[2.939s] -- Installing: /home/arrgusr/ROS2Dev/ws_sem26_2/install/scara_bringup/share/scara_bringup//worlds/test_2_world/roberto/model.sdf
[2.939s] -- Installing: /home/arrgusr/ROS2Dev/ws_sem26_2/install/scara_bringup/share/scara_bringup//worlds/test_2_world/roberto/model.config
[2.939s] -- Installing: /home/arrgusr/ROS2Dev/ws_sem26_2/install/scara_bringup/share/scara_bringup//worlds/test_2_world.world
[2.941s] -- Installing: /home/arrgusr/ROS2Dev/ws_sem26_2/install/scara_bringup/share/scara_bringup//config
[2.941s] -- Installing: /home/arrgusr/ROS2Dev/ws_sem26_2/install/scara_bringup/share/scara_bringup//config/gz_bridge.yaml
[2.942s] -- Installing: /home/arrgusr/ROS2Dev/ws_sem26_2/install/scara_bringup/share/ament_index/resource_index/package_run_dependencies/scara_bringup
[2.943s] -- Installing: /home/arrgusr/ROS2Dev/ws_sem26_2/install/scara_bringup/share/ament_index/resource_index/parent_prefix_path/scara_bringup
[2.944s] -- Installing: /home/arrgusr/ROS2Dev/ws_sem26_2/install/scara_bringup/share/scara_bringup/environment/ament_prefix_path.sh
[2.944s] -- Installing: /home/arrgusr/ROS2Dev/ws_sem26_2/install/scara_bringup/share/scara_bringup/environment/ament_prefix_path.dsv
[2.945s] -- Installing: /home/arrgusr/ROS2Dev/ws_sem26_2/install/scara_bringup/share/scara_bringup/environment/path.sh
[2.946s] -- Installing: /home/arrgusr/ROS2Dev/ws_sem26_2/install/scara_bringup/share/scara_bringup/environment/path.dsv
[2.946s] -- Installing: /home/arrgusr/ROS2Dev/ws_sem26_2/install/scara_bringup/share/scara_bringup/local_setup.bash
[2.947s] -- Installing: /home/arrgusr/ROS2Dev/ws_sem26_2/install/scara_bringup/share/scara_bringup/local_setup.sh
[2.948s] -- Installing: /home/arrgusr/ROS2Dev/ws_sem26_2/install/scara_bringup/share/scara_bringup/local_setup.zsh
[2.950s] -- Installing: /home/arrgusr/ROS2Dev/ws_sem26_2/install/scara_bringup/share/scara_bringup/local_setup.dsv
[2.950s] -- Installing: /home/arrgusr/ROS2Dev/ws_sem26_2/install/scara_bringup/share/scara_bringup/package.dsv
[2.951s] -- Installing: /home/arrgusr/ROS2Dev/ws_sem26_2/install/scara_bringup/share/ament_index/resource_index/packages/scara_bringup
[2.952s] -- Installing: /home/arrgusr/ROS2Dev/ws_sem26_2/install/scara_bringup/share/scara_bringup/cmake/scara_bringupConfig.cmake
[2.952s] -- Installing: /home/arrgusr/ROS2Dev/ws_sem26_2/install/scara_bringup/share/scara_bringup/cmake/scara_bringupConfig-version.cmake
[2.953s] -- Installing: /home/arrgusr/ROS2Dev/ws_sem26_2/install/scara_bringup/share/scara_bringup/package.xml
[2.957s] Invoked command in '/home/arrgusr/ROS2Dev/ws_sem26_2/build/scara_bringup' returned '0': CMAKE_PREFIX_PATH=${CMAKE_PREFIX_PATH}:/opt/ros/jazzy DEBUGINFOD_URLS=https://debuginfod.ubuntu.com /usr/bin/cmake --install /home/arrgusr/ROS2Dev/ws_sem26_2/build/scara_bringup
