[0.151s] DEBUG:colcon:Command line arguments: ['/usr/bin/colcon', 'build']
[0.151s] DEBUG:colcon:Parsed command line arguments: Namespace(log_base=None, log_level=None, verb_name='build', build_base='build', install_base='install', merge_install=False, symlink_install=False, test_result_base=None, continue_on_error=False, executor='parallel', parallel_workers=2, event_handlers=None, ignore_user_meta=False, metas=['./colcon.meta'], base_paths=['.'], packages_ignore=None, packages_ignore_regex=None, paths=None, packages_up_to=None, packages_up_to_regex=None, packages_above=None, packages_above_and_dependencies=None, packages_above_depth=None, packages_select_by_dep=None, packages_skip_by_dep=None, packages_skip_up_to=None, packages_select_build_failed=False, packages_skip_build_finished=False, packages_select_test_failures=False, packages_skip_test_passed=False, packages_select=None, packages_skip=None, packages_select_regex=None, packages_skip_regex=None, packages_start=None, packages_end=None, allow_overriding=[], cmake_args=None, cmake_target=None, cmake_target_skip_unavailable=False, cmake_clean_cache=False, cmake_clean_first=False, cmake_force_configure=False, ament_cmake_args=None, catkin_cmake_args=None, catkin_skip_building_tests=False, mixin_files=None, mixin=None, verb_parser=<colcon_mixin.mixin.mixin_argument.MixinArgumentDecorator object at 0x751346194590>, verb_extension=<colcon_core.verb.build.BuildVerb object at 0x751346177ec0>, main=<bound method BuildVerb.main of <colcon_core.verb.build.BuildVerb object at 0x751346177ec0>>, mixin_verb=('build',))
[0.198s] Level 1:colcon.colcon_core.package_discovery:discover_packages(colcon_meta) check parameters
[0.198s] Level 1:colcon.colcon_core.package_discovery:discover_packages(recursive) check parameters
[0.198s] Level 1:colcon.colcon_core.package_discovery:discover_packages(ignore) check parameters
[0.198s] Level 1:colcon.colcon_core.package_discovery:discover_packages(path) check parameters
[0.198s] Level 1:colcon.colcon_core.package_discovery:discover_packages(colcon_meta) discover
[0.198s] Level 1:colcon.colcon_core.package_discovery:discover_packages(recursive) discover
[0.198s] INFO:colcon.colcon_core.package_discovery:Crawling recursively for packages in '/home/arrgusr/ROS2Dev/ws_sem26_2'
[0.198s] Level 1:colcon.colcon_core.package_identification:_identify(.) by extensions ['ignore', 'ignore_ament_install']
[0.198s] Level 1:colcon.colcon_core.package_identification:_identify(.) by extension 'ignore'
[0.198s] Level 1:colcon.colcon_core.package_identification:_identify(.) by extension 'ignore_ament_install'
[0.198s] Level 1:colcon.colcon_core.package_identification:_identify(.) by extensions ['colcon_pkg']
[0.199s] Level 1:colcon.colcon_core.package_identification:_identify(.) by extension 'colcon_pkg'
[0.199s] Level 1:colcon.colcon_core.package_identification:_identify(.) by extensions ['colcon_meta']
[0.199s] Level 1:colcon.colcon_core.package_identification:_identify(.) by extension 'colcon_meta'
[0.199s] Level 1:colcon.colcon_core.package_identification:_identify(.) by extensions ['ros']
[0.199s] Level 1:colcon.colcon_core.package_identification:_identify(.) by extension 'ros'
[0.226s] Level 1:colcon.colcon_core.package_identification:_identify(.) by extensions ['cmake', 'python']
[0.226s] Level 1:colcon.colcon_core.package_identification:_identify(.) by extension 'cmake'
[0.226s] Level 1:colcon.colcon_core.package_identification:_identify(.) by extension 'python'
[0.226s] Level 1:colcon.colcon_core.package_identification:_identify(.) by extensions ['python_setup_py']
[0.226s] Level 1:colcon.colcon_core.package_identification:_identify(.) by extension 'python_setup_py'
[0.226s] Level 1:colcon.colcon_core.package_identification:_identify(build) by extensions ['ignore', 'ignore_ament_install']
[0.226s] Level 1:colcon.colcon_core.package_identification:_identify(build) by extension 'ignore'
[0.226s] Level 1:colcon.colcon_core.package_identification:_identify(build) ignored
[0.226s] Level 1:colcon.colcon_core.package_identification:_identify(install) by extensions ['ignore', 'ignore_ament_install']
[0.227s] Level 1:colcon.colcon_core.package_identification:_identify(install) by extension 'ignore'
[0.227s] Level 1:colcon.colcon_core.package_identification:_identify(install) ignored
[0.227s] Level 1:colcon.colcon_core.package_identification:_identify(log) by extensions ['ignore', 'ignore_ament_install']
[0.227s] Level 1:colcon.colcon_core.package_identification:_identify(log) by extension 'ignore'
[0.227s] Level 1:colcon.colcon_core.package_identification:_identify(log) ignored
[0.227s] Level 1:colcon.colcon_core.package_identification:_identify(src) by extensions ['ignore', 'ignore_ament_install']
[0.227s] Level 1:colcon.colcon_core.package_identification:_identify(src) by extension 'ignore'
[0.228s] Level 1:colcon.colcon_core.package_identification:_identify(src) by extension 'ignore_ament_install'
[0.228s] Level 1:colcon.colcon_core.package_identification:_identify(src) by extensions ['colcon_pkg']
[0.228s] Level 1:colcon.colcon_core.package_identification:_identify(src) by extension 'colcon_pkg'
[0.228s] Level 1:colcon.colcon_core.package_identification:_identify(src) by extensions ['colcon_meta']
[0.228s] Level 1:colcon.colcon_core.package_identification:_identify(src) by extension 'colcon_meta'
[0.228s] Level 1:colcon.colcon_core.package_identification:_identify(src) by extensions ['ros']
[0.228s] Level 1:colcon.colcon_core.package_identification:_identify(src) by extension 'ros'
[0.228s] Level 1:colcon.colcon_core.package_identification:_identify(src) by extensions ['cmake', 'python']
[0.228s] Level 1:colcon.colcon_core.package_identification:_identify(src) by extension 'cmake'
[0.228s] Level 1:colcon.colcon_core.package_identification:_identify(src) by extension 'python'
[0.228s] Level 1:colcon.colcon_core.package_identification:_identify(src) by extensions ['python_setup_py']
[0.228s] Level 1:colcon.colcon_core.package_identification:_identify(src) by extension 'python_setup_py'
[0.228s] Level 1:colcon.colcon_core.package_identification:_identify(src/p0_py) by extensions ['ignore', 'ignore_ament_install']
[0.228s] Level 1:colcon.colcon_core.package_identification:_identify(src/p0_py) by extension 'ignore'
[0.228s] Level 1:colcon.colcon_core.package_identification:_identify(src/p0_py) by extension 'ignore_ament_install'
[0.228s] Level 1:colcon.colcon_core.package_identification:_identify(src/p0_py) by extensions ['colcon_pkg']
[0.228s] Level 1:colcon.colcon_core.package_identification:_identify(src/p0_py) by extension 'colcon_pkg'
[0.228s] Level 1:colcon.colcon_core.package_identification:_identify(src/p0_py) by extensions ['colcon_meta']
[0.228s] Level 1:colcon.colcon_core.package_identification:_identify(src/p0_py) by extension 'colcon_meta'
[0.229s] Level 1:colcon.colcon_core.package_identification:_identify(src/p0_py) by extensions ['ros']
[0.229s] Level 1:colcon.colcon_core.package_identification:_identify(src/p0_py) by extension 'ros'
[0.231s] DEBUG:colcon.colcon_core.package_identification:Package 'src/p0_py' with type 'ros.ament_python' and name 'p0_py'
[0.231s] Level 1:colcon.colcon_core.package_identification:_identify(src/scara_bringup) by extensions ['ignore', 'ignore_ament_install']
[0.231s] Level 1:colcon.colcon_core.package_identification:_identify(src/scara_bringup) by extension 'ignore'
[0.232s] Level 1:colcon.colcon_core.package_identification:_identify(src/scara_bringup) by extension 'ignore_ament_install'
[0.232s] Level 1:colcon.colcon_core.package_identification:_identify(src/scara_bringup) by extensions ['colcon_pkg']
[0.232s] Level 1:colcon.colcon_core.package_identification:_identify(src/scara_bringup) by extension 'colcon_pkg'
[0.232s] Level 1:colcon.colcon_core.package_identification:_identify(src/scara_bringup) by extensions ['colcon_meta']
[0.232s] Level 1:colcon.colcon_core.package_identification:_identify(src/scara_bringup) by extension 'colcon_meta'
[0.232s] Level 1:colcon.colcon_core.package_identification:_identify(src/scara_bringup) by extensions ['ros']
[0.232s] Level 1:colcon.colcon_core.package_identification:_identify(src/scara_bringup) by extension 'ros'
[0.232s] DEBUG:colcon.colcon_core.package_identification:Package 'src/scara_bringup' with type 'ros.ament_cmake' and name 'scara_bringup'
[0.232s] Level 1:colcon.colcon_core.package_identification:_identify(src/scara_description) by extensions ['ignore', 'ignore_ament_install']
[0.233s] Level 1:colcon.colcon_core.package_identification:_identify(src/scara_description) by extension 'ignore'
[0.233s] Level 1:colcon.colcon_core.package_identification:_identify(src/scara_description) by extension 'ignore_ament_install'
[0.233s] Level 1:colcon.colcon_core.package_identification:_identify(src/scara_description) by extensions ['colcon_pkg']
[0.233s] Level 1:colcon.colcon_core.package_identification:_identify(src/scara_description) by extension 'colcon_pkg'
[0.233s] Level 1:colcon.colcon_core.package_identification:_identify(src/scara_description) by extensions ['colcon_meta']
[0.233s] Level 1:colcon.colcon_core.package_identification:_identify(src/scara_description) by extension 'colcon_meta'
[0.233s] Level 1:colcon.colcon_core.package_identification:_identify(src/scara_description) by extensions ['ros']
[0.233s] Level 1:colcon.colcon_core.package_identification:_identify(src/scara_description) by extension 'ros'
[0.234s] DEBUG:colcon.colcon_core.package_identification:Package 'src/scara_description' with type 'ros.ament_cmake' and name 'scara_description'
[0.234s] Level 1:colcon.colcon_core.package_discovery:discover_packages(recursive) using defaults
[0.234s] Level 1:colcon.colcon_core.package_discovery:discover_packages(ignore) discover
[0.234s] Level 1:colcon.colcon_core.package_discovery:discover_packages(ignore) using defaults
[0.234s] Level 1:colcon.colcon_core.package_discovery:discover_packages(path) discover
[0.234s] Level 1:colcon.colcon_core.package_discovery:discover_packages(path) using defaults
[0.253s] Level 1:colcon.colcon_core.package_discovery:discover_packages(prefix_path) check parameters
[0.253s] Level 1:colcon.colcon_core.package_discovery:discover_packages(prefix_path) discover
[0.256s] DEBUG:colcon.colcon_installed_package_information.package_discovery:Found 321 installed packages in /opt/ros/jazzy
[0.258s] Level 1:colcon.colcon_core.package_discovery:discover_packages(prefix_path) using defaults
[0.323s] Level 5:colcon.colcon_core.verb:set package 'p0_py' build argument 'cmake_args' from command line to 'None'
[0.323s] Level 5:colcon.colcon_core.verb:set package 'p0_py' build argument 'cmake_target' from command line to 'None'
[0.323s] Level 5:colcon.colcon_core.verb:set package 'p0_py' build argument 'cmake_target_skip_unavailable' from command line to 'False'
[0.323s] Level 5:colcon.colcon_core.verb:set package 'p0_py' build argument 'cmake_clean_cache' from command line to 'False'
[0.323s] Level 5:colcon.colcon_core.verb:set package 'p0_py' build argument 'cmake_clean_first' from command line to 'False'
[0.323s] Level 5:colcon.colcon_core.verb:set package 'p0_py' build argument 'cmake_force_configure' from command line to 'False'
[0.324s] Level 5:colcon.colcon_core.verb:set package 'p0_py' build argument 'ament_cmake_args' from command line to 'None'
[0.324s] Level 5:colcon.colcon_core.verb:set package 'p0_py' build argument 'catkin_cmake_args' from command line to 'None'
[0.324s] Level 5:colcon.colcon_core.verb:set package 'p0_py' build argument 'catkin_skip_building_tests' from command line to 'False'
[0.324s] DEBUG:colcon.colcon_core.verb:Building package 'p0_py' with the following arguments: {'ament_cmake_args': None, 'build_base': '/home/arrgusr/ROS2Dev/ws_sem26_2/build/p0_py', 'catkin_cmake_args': None, 'catkin_skip_building_tests': False, 'cmake_args': None, 'cmake_clean_cache': False, 'cmake_clean_first': False, 'cmake_force_configure': False, 'cmake_target': None, 'cmake_target_skip_unavailable': False, 'install_base': '/home/arrgusr/ROS2Dev/ws_sem26_2/install/p0_py', 'merge_install': False, 'path': '/home/arrgusr/ROS2Dev/ws_sem26_2/src/p0_py', 'symlink_install': False, 'test_result_base': None}
[0.324s] Level 5:colcon.colcon_core.verb:set package 'scara_bringup' build argument 'cmake_args' from command line to 'None'
[0.324s] Level 5:colcon.colcon_core.verb:set package 'scara_bringup' build argument 'cmake_target' from command line to 'None'
[0.324s] Level 5:colcon.colcon_core.verb:set package 'scara_bringup' build argument 'cmake_target_skip_unavailable' from command line to 'False'
[0.324s] Level 5:colcon.colcon_core.verb:set package 'scara_bringup' build argument 'cmake_clean_cache' from command line to 'False'
[0.324s] Level 5:colcon.colcon_core.verb:set package 'scara_bringup' build argument 'cmake_clean_first' from command line to 'False'
[0.324s] Level 5:colcon.colcon_core.verb:set package 'scara_bringup' build argument 'cmake_force_configure' from command line to 'False'
[0.325s] Level 5:colcon.colcon_core.verb:set package 'scara_bringup' build argument 'ament_cmake_args' from command line to 'None'
[0.325s] Level 5:colcon.colcon_core.verb:set package 'scara_bringup' build argument 'catkin_cmake_args' from command line to 'None'
[0.325s] Level 5:colcon.colcon_core.verb:set package 'scara_bringup' build argument 'catkin_skip_building_tests' from command line to 'False'
[0.325s] DEBUG:colcon.colcon_core.verb:Building package 'scara_bringup' with the following arguments: {'ament_cmake_args': None, 'build_base': '/home/arrgusr/ROS2Dev/ws_sem26_2/build/scara_bringup', 'catkin_cmake_args': None, 'catkin_skip_building_tests': False, 'cmake_args': None, 'cmake_clean_cache': False, 'cmake_clean_first': False, 'cmake_force_configure': False, 'cmake_target': None, 'cmake_target_skip_unavailable': False, 'install_base': '/home/arrgusr/ROS2Dev/ws_sem26_2/install/scara_bringup', 'merge_install': False, 'path': '/home/arrgusr/ROS2Dev/ws_sem26_2/src/scara_bringup', 'symlink_install': False, 'test_result_base': None}
[0.325s] Level 5:colcon.colcon_core.verb:set package 'scara_description' build argument 'cmake_args' from command line to 'None'
[0.325s] Level 5:colcon.colcon_core.verb:set package 'scara_description' build argument 'cmake_target' from command line to 'None'
[0.325s] Level 5:colcon.colcon_core.verb:set package 'scara_description' build argument 'cmake_target_skip_unavailable' from command line to 'False'
[0.325s] Level 5:colcon.colcon_core.verb:set package 'scara_description' build argument 'cmake_clean_cache' from command line to 'False'
[0.325s] Level 5:colcon.colcon_core.verb:set package 'scara_description' build argument 'cmake_clean_first' from command line to 'False'
[0.325s] Level 5:colcon.colcon_core.verb:set package 'scara_description' build argument 'cmake_force_configure' from command line to 'False'
[0.325s] Level 5:colcon.colcon_core.verb:set package 'scara_description' build argument 'ament_cmake_args' from command line to 'None'
[0.326s] Level 5:colcon.colcon_core.verb:set package 'scara_description' build argument 'catkin_cmake_args' from command line to 'None'
[0.326s] Level 5:colcon.colcon_core.verb:set package 'scara_description' build argument 'catkin_skip_building_tests' from command line to 'False'
[0.326s] DEBUG:colcon.colcon_core.verb:Building package 'scara_description' with the following arguments: {'ament_cmake_args': None, 'build_base': '/home/arrgusr/ROS2Dev/ws_sem26_2/build/scara_description', 'catkin_cmake_args': None, 'catkin_skip_building_tests': False, 'cmake_args': None, 'cmake_clean_cache': False, 'cmake_clean_first': False, 'cmake_force_configure': False, 'cmake_target': None, 'cmake_target_skip_unavailable': False, 'install_base': '/home/arrgusr/ROS2Dev/ws_sem26_2/install/scara_description', 'merge_install': False, 'path': '/home/arrgusr/ROS2Dev/ws_sem26_2/src/scara_description', 'symlink_install': False, 'test_result_base': None}
[0.326s] INFO:colcon.colcon_core.executor:Executing jobs using 'parallel' executor
[0.327s] DEBUG:colcon.colcon_parallel_executor.executor.parallel:run_until_complete
[0.327s] INFO:colcon.colcon_ros.task.ament_python.build:Building ROS package in '/home/arrgusr/ROS2Dev/ws_sem26_2/src/p0_py' with build type 'ament_python'
[0.327s] Level 1:colcon.colcon_core.shell:create_environment_hook('p0_py', 'ament_prefix_path')
[0.330s] INFO:colcon.colcon_core.plugin_system:Skipping extension 'colcon_core.shell.bat': Not used on non-Windows systems
[0.331s] INFO:colcon.colcon_core.shell:Creating environment hook '/home/arrgusr/ROS2Dev/ws_sem26_2/install/p0_py/share/p0_py/hook/ament_prefix_path.ps1'
[0.331s] INFO:colcon.colcon_core.shell:Creating environment descriptor '/home/arrgusr/ROS2Dev/ws_sem26_2/install/p0_py/share/p0_py/hook/ament_prefix_path.dsv'
[0.332s] INFO:colcon.colcon_core.shell:Creating environment hook '/home/arrgusr/ROS2Dev/ws_sem26_2/install/p0_py/share/p0_py/hook/ament_prefix_path.sh'
[0.332s] INFO:colcon.colcon_core.shell:Skip shell extension 'powershell' for command environment: Not usable outside of PowerShell
[0.333s] DEBUG:colcon.colcon_core.shell:Skip shell extension 'dsv' for command environment
[0.343s] INFO:colcon.colcon_ros.task.ament_cmake.build:Building ROS package in '/home/arrgusr/ROS2Dev/ws_sem26_2/src/scara_bringup' with build type 'ament_cmake'
[0.343s] INFO:colcon.colcon_cmake.task.cmake.build:Building CMake package in '/home/arrgusr/ROS2Dev/ws_sem26_2/src/scara_bringup'
[0.343s] INFO:colcon.colcon_core.shell:Skip shell extension 'powershell' for command environment: Not usable outside of PowerShell
[0.343s] DEBUG:colcon.colcon_core.shell:Skip shell extension 'dsv' for command environment
[0.700s] INFO:colcon.colcon_core.task.python.build:Building Python package in '/home/arrgusr/ROS2Dev/ws_sem26_2/src/p0_py'
[0.700s] INFO:colcon.colcon_core.shell:Skip shell extension 'powershell' for command environment: Not usable outside of PowerShell
[0.700s] DEBUG:colcon.colcon_core.shell:Skip shell extension 'dsv' for command environment
[0.710s] DEBUG:colcon.colcon_core.event_handler.log_command:Invoking command in '/home/arrgusr/ROS2Dev/ws_sem26_2/build/scara_bringup': CMAKE_PREFIX_PATH=${CMAKE_PREFIX_PATH}:/opt/ros/jazzy DEBUGINFOD_URLS=https://debuginfod.ubuntu.com /usr/bin/cmake /home/arrgusr/ROS2Dev/ws_sem26_2/src/scara_bringup -DCMAKE_INSTALL_PREFIX=/home/arrgusr/ROS2Dev/ws_sem26_2/install/scara_bringup
[2.625s] DEBUG:colcon.colcon_core.event_handler.log_command:Invoking command in '/home/arrgusr/ROS2Dev/ws_sem26_2/src/p0_py': DEBUGINFOD_URLS=https://debuginfod.ubuntu.com PYTHONPATH=/home/arrgusr/ROS2Dev/ws_sem26_2/build/p0_py/prefix_override:/usr/lib/python3/dist-packages/colcon_core/task/python/colcon_distutils_commands:/home/arrgusr/ROS2Dev/ws_sem26_2/install/p0_py/lib/python3.12/site-packages:${PYTHONPATH} /usr/bin/python3 -W ignore:setup.py install is deprecated -W ignore:easy_install command is deprecated setup.py egg_info --egg-base ../../build/p0_py build --build-base /home/arrgusr/ROS2Dev/ws_sem26_2/build/p0_py/build install --record /home/arrgusr/ROS2Dev/ws_sem26_2/build/p0_py/install.log --single-version-externally-managed install_data
[3.175s] DEBUG:colcon.colcon_core.event_handler.log_command:Invoked command in '/home/arrgusr/ROS2Dev/ws_sem26_2/build/scara_bringup' returned '0': CMAKE_PREFIX_PATH=${CMAKE_PREFIX_PATH}:/opt/ros/jazzy DEBUGINFOD_URLS=https://debuginfod.ubuntu.com /usr/bin/cmake /home/arrgusr/ROS2Dev/ws_sem26_2/src/scara_bringup -DCMAKE_INSTALL_PREFIX=/home/arrgusr/ROS2Dev/ws_sem26_2/install/scara_bringup
[3.180s] DEBUG:colcon.colcon_core.event_handler.log_command:Invoking command in '/home/arrgusr/ROS2Dev/ws_sem26_2/build/scara_bringup': CMAKE_PREFIX_PATH=${CMAKE_PREFIX_PATH}:/opt/ros/jazzy DEBUGINFOD_URLS=https://debuginfod.ubuntu.com /usr/bin/cmake --build /home/arrgusr/ROS2Dev/ws_sem26_2/build/scara_bringup -- -j2 -l2
[3.235s] DEBUG:colcon.colcon_core.event_handler.log_command:Invoked command in '/home/arrgusr/ROS2Dev/ws_sem26_2/build/scara_bringup' returned '0': CMAKE_PREFIX_PATH=${CMAKE_PREFIX_PATH}:/opt/ros/jazzy DEBUGINFOD_URLS=https://debuginfod.ubuntu.com /usr/bin/cmake --build /home/arrgusr/ROS2Dev/ws_sem26_2/build/scara_bringup -- -j2 -l2
[3.252s] DEBUG:colcon.colcon_core.event_handler.log_command:Invoking command in '/home/arrgusr/ROS2Dev/ws_sem26_2/build/scara_bringup': CMAKE_PREFIX_PATH=${CMAKE_PREFIX_PATH}:/opt/ros/jazzy DEBUGINFOD_URLS=https://debuginfod.ubuntu.com /usr/bin/cmake --install /home/arrgusr/ROS2Dev/ws_sem26_2/build/scara_bringup
[3.300s] Level 1:colcon.colcon_core.environment:create_environment_scripts_only(scara_bringup)
[3.302s] DEBUG:colcon.colcon_core.event_handler.log_command:Invoked command in '/home/arrgusr/ROS2Dev/ws_sem26_2/build/scara_bringup' returned '0': CMAKE_PREFIX_PATH=${CMAKE_PREFIX_PATH}:/opt/ros/jazzy DEBUGINFOD_URLS=https://debuginfod.ubuntu.com /usr/bin/cmake --install /home/arrgusr/ROS2Dev/ws_sem26_2/build/scara_bringup
[3.303s] Level 1:colcon.colcon_core.environment:checking '/home/arrgusr/ROS2Dev/ws_sem26_2/install/scara_bringup' for CMake module files
[3.304s] Level 1:colcon.colcon_core.environment:checking '/home/arrgusr/ROS2Dev/ws_sem26_2/install/scara_bringup' for CMake config files
[3.304s] Level 1:colcon.colcon_core.shell:create_environment_hook('scara_bringup', 'cmake_prefix_path')
[3.304s] INFO:colcon.colcon_core.shell:Creating environment hook '/home/arrgusr/ROS2Dev/ws_sem26_2/install/scara_bringup/share/scara_bringup/hook/cmake_prefix_path.ps1'
[3.305s] INFO:colcon.colcon_core.shell:Creating environment descriptor '/home/arrgusr/ROS2Dev/ws_sem26_2/install/scara_bringup/share/scara_bringup/hook/cmake_prefix_path.dsv'
[3.305s] INFO:colcon.colcon_core.shell:Creating environment hook '/home/arrgusr/ROS2Dev/ws_sem26_2/install/scara_bringup/share/scara_bringup/hook/cmake_prefix_path.sh'
[3.306s] Level 1:colcon.colcon_core.environment:checking '/home/arrgusr/ROS2Dev/ws_sem26_2/install/scara_bringup/bin'
[3.306s] Level 1:colcon.colcon_core.environment:checking '/home/arrgusr/ROS2Dev/ws_sem26_2/install/scara_bringup/lib/pkgconfig/scara_bringup.pc'
[3.306s] Level 1:colcon.colcon_core.environment:checking '/home/arrgusr/ROS2Dev/ws_sem26_2/install/scara_bringup/lib/python3.12/site-packages'
[3.307s] Level 1:colcon.colcon_core.environment:checking '/home/arrgusr/ROS2Dev/ws_sem26_2/install/scara_bringup/bin'
[3.307s] INFO:colcon.colcon_core.shell:Creating package script '/home/arrgusr/ROS2Dev/ws_sem26_2/install/scara_bringup/share/scara_bringup/package.ps1'
[3.308s] INFO:colcon.colcon_core.shell:Creating package descriptor '/home/arrgusr/ROS2Dev/ws_sem26_2/install/scara_bringup/share/scara_bringup/package.dsv'
[3.309s] INFO:colcon.colcon_core.shell:Creating package script '/home/arrgusr/ROS2Dev/ws_sem26_2/install/scara_bringup/share/scara_bringup/package.sh'
[3.309s] INFO:colcon.colcon_core.shell:Creating package script '/home/arrgusr/ROS2Dev/ws_sem26_2/install/scara_bringup/share/scara_bringup/package.bash'
[3.310s] INFO:colcon.colcon_core.shell:Creating package script '/home/arrgusr/ROS2Dev/ws_sem26_2/install/scara_bringup/share/scara_bringup/package.zsh'
[3.311s] Level 1:colcon.colcon_core.environment:create_file_with_runtime_dependencies(/home/arrgusr/ROS2Dev/ws_sem26_2/install/scara_bringup/share/colcon-core/packages/scara_bringup)
[3.311s] Level 1:colcon.colcon_core.environment:create_environment_scripts_only(scara_bringup)
[3.312s] Level 1:colcon.colcon_core.environment:checking '/home/arrgusr/ROS2Dev/ws_sem26_2/install/scara_bringup' for CMake module files
[3.312s] Level 1:colcon.colcon_core.environment:checking '/home/arrgusr/ROS2Dev/ws_sem26_2/install/scara_bringup' for CMake config files
[3.313s] Level 1:colcon.colcon_core.shell:create_environment_hook('scara_bringup', 'cmake_prefix_path')
[3.313s] INFO:colcon.colcon_core.shell:Creating environment hook '/home/arrgusr/ROS2Dev/ws_sem26_2/install/scara_bringup/share/scara_bringup/hook/cmake_prefix_path.ps1'
[3.313s] INFO:colcon.colcon_core.shell:Creating environment descriptor '/home/arrgusr/ROS2Dev/ws_sem26_2/install/scara_bringup/share/scara_bringup/hook/cmake_prefix_path.dsv'
[3.314s] INFO:colcon.colcon_core.shell:Creating environment hook '/home/arrgusr/ROS2Dev/ws_sem26_2/install/scara_bringup/share/scara_bringup/hook/cmake_prefix_path.sh'
[3.315s] Level 1:colcon.colcon_core.environment:checking '/home/arrgusr/ROS2Dev/ws_sem26_2/install/scara_bringup/bin'
[3.315s] Level 1:colcon.colcon_core.environment:checking '/home/arrgusr/ROS2Dev/ws_sem26_2/install/scara_bringup/lib/pkgconfig/scara_bringup.pc'
[3.315s] Level 1:colcon.colcon_core.environment:checking '/home/arrgusr/ROS2Dev/ws_sem26_2/install/scara_bringup/lib/python3.12/site-packages'
[3.315s] Level 1:colcon.colcon_core.environment:checking '/home/arrgusr/ROS2Dev/ws_sem26_2/install/scara_bringup/bin'
[3.316s] INFO:colcon.colcon_core.shell:Creating package script '/home/arrgusr/ROS2Dev/ws_sem26_2/install/scara_bringup/share/scara_bringup/package.ps1'
[3.317s] INFO:colcon.colcon_core.shell:Creating package descriptor '/home/arrgusr/ROS2Dev/ws_sem26_2/install/scara_bringup/share/scara_bringup/package.dsv'
[3.317s] INFO:colcon.colcon_core.shell:Creating package script '/home/arrgusr/ROS2Dev/ws_sem26_2/install/scara_bringup/share/scara_bringup/package.sh'
[3.318s] INFO:colcon.colcon_core.shell:Creating package script '/home/arrgusr/ROS2Dev/ws_sem26_2/install/scara_bringup/share/scara_bringup/package.bash'
[3.319s] INFO:colcon.colcon_core.shell:Creating package script '/home/arrgusr/ROS2Dev/ws_sem26_2/install/scara_bringup/share/scara_bringup/package.zsh'
[3.319s] Level 1:colcon.colcon_core.environment:create_file_with_runtime_dependencies(/home/arrgusr/ROS2Dev/ws_sem26_2/install/scara_bringup/share/colcon-core/packages/scara_bringup)
[3.323s] INFO:colcon.colcon_ros.task.ament_cmake.build:Building ROS package in '/home/arrgusr/ROS2Dev/ws_sem26_2/src/scara_description' with build type 'ament_cmake'
[3.323s] INFO:colcon.colcon_cmake.task.cmake.build:Building CMake package in '/home/arrgusr/ROS2Dev/ws_sem26_2/src/scara_description'
[3.323s] INFO:colcon.colcon_core.shell:Skip shell extension 'powershell' for command environment: Not usable outside of PowerShell
[3.323s] DEBUG:colcon.colcon_core.shell:Skip shell extension 'dsv' for command environment
[3.348s] DEBUG:colcon.colcon_core.event_handler.log_command:Invoking command in '/home/arrgusr/ROS2Dev/ws_sem26_2/build/scara_description': CMAKE_PREFIX_PATH=${CMAKE_PREFIX_PATH}:/opt/ros/jazzy DEBUGINFOD_URLS=https://debuginfod.ubuntu.com /usr/bin/cmake /home/arrgusr/ROS2Dev/ws_sem26_2/src/scara_description -DCMAKE_INSTALL_PREFIX=/home/arrgusr/ROS2Dev/ws_sem26_2/install/scara_description
[3.542s] Level 1:colcon.colcon_core.environment:checking '/home/arrgusr/ROS2Dev/ws_sem26_2/install/p0_py' for CMake module files
[3.542s] Level 1:colcon.colcon_core.environment:checking '/home/arrgusr/ROS2Dev/ws_sem26_2/install/p0_py' for CMake config files
[3.543s] DEBUG:colcon.colcon_core.event_handler.log_command:Invoked command in '/home/arrgusr/ROS2Dev/ws_sem26_2/src/p0_py' returned '0': DEBUGINFOD_URLS=https://debuginfod.ubuntu.com PYTHONPATH=/home/arrgusr/ROS2Dev/ws_sem26_2/build/p0_py/prefix_override:/usr/lib/python3/dist-packages/colcon_core/task/python/colcon_distutils_commands:/home/arrgusr/ROS2Dev/ws_sem26_2/install/p0_py/lib/python3.12/site-packages:${PYTHONPATH} /usr/bin/python3 -W ignore:setup.py install is deprecated -W ignore:easy_install command is deprecated setup.py egg_info --egg-base ../../build/p0_py build --build-base /home/arrgusr/ROS2Dev/ws_sem26_2/build/p0_py/build install --record /home/arrgusr/ROS2Dev/ws_sem26_2/build/p0_py/install.log --single-version-externally-managed install_data
[3.543s] Level 1:colcon.colcon_core.environment:checking '/home/arrgusr/ROS2Dev/ws_sem26_2/install/p0_py/lib'
[3.543s] Level 1:colcon.colcon_core.environment:checking '/home/arrgusr/ROS2Dev/ws_sem26_2/install/p0_py/bin'
[3.544s] Level 1:colcon.colcon_core.environment:checking '/home/arrgusr/ROS2Dev/ws_sem26_2/install/p0_py/lib/pkgconfig/p0_py.pc'
[3.544s] Level 1:colcon.colcon_core.environment:checking '/home/arrgusr/ROS2Dev/ws_sem26_2/install/p0_py/lib/python3.12/site-packages'
[3.544s] Level 1:colcon.colcon_core.shell:create_environment_hook('p0_py', 'pythonpath')
[3.544s] INFO:colcon.colcon_core.shell:Creating environment hook '/home/arrgusr/ROS2Dev/ws_sem26_2/install/p0_py/share/p0_py/hook/pythonpath.ps1'
[3.544s] INFO:colcon.colcon_core.shell:Creating environment descriptor '/home/arrgusr/ROS2Dev/ws_sem26_2/install/p0_py/share/p0_py/hook/pythonpath.dsv'
[3.545s] INFO:colcon.colcon_core.shell:Creating environment hook '/home/arrgusr/ROS2Dev/ws_sem26_2/install/p0_py/share/p0_py/hook/pythonpath.sh'
[3.546s] Level 1:colcon.colcon_core.environment:checking '/home/arrgusr/ROS2Dev/ws_sem26_2/install/p0_py/bin'
[3.546s] Level 1:colcon.colcon_core.environment:create_environment_scripts_only(p0_py)
[3.547s] INFO:colcon.colcon_core.shell:Creating package script '/home/arrgusr/ROS2Dev/ws_sem26_2/install/p0_py/share/p0_py/package.ps1'
[3.548s] INFO:colcon.colcon_core.shell:Creating package descriptor '/home/arrgusr/ROS2Dev/ws_sem26_2/install/p0_py/share/p0_py/package.dsv'
[3.549s] INFO:colcon.colcon_core.shell:Creating package script '/home/arrgusr/ROS2Dev/ws_sem26_2/install/p0_py/share/p0_py/package.sh'
[3.550s] INFO:colcon.colcon_core.shell:Creating package script '/home/arrgusr/ROS2Dev/ws_sem26_2/install/p0_py/share/p0_py/package.bash'
[3.550s] INFO:colcon.colcon_core.shell:Creating package script '/home/arrgusr/ROS2Dev/ws_sem26_2/install/p0_py/share/p0_py/package.zsh'
[3.551s] Level 1:colcon.colcon_core.environment:create_file_with_runtime_dependencies(/home/arrgusr/ROS2Dev/ws_sem26_2/install/p0_py/share/colcon-core/packages/p0_py)
[4.953s] DEBUG:colcon.colcon_core.event_handler.log_command:Invoked command in '/home/arrgusr/ROS2Dev/ws_sem26_2/build/scara_description' returned '0': CMAKE_PREFIX_PATH=${CMAKE_PREFIX_PATH}:/opt/ros/jazzy DEBUGINFOD_URLS=https://debuginfod.ubuntu.com /usr/bin/cmake /home/arrgusr/ROS2Dev/ws_sem26_2/src/scara_description -DCMAKE_INSTALL_PREFIX=/home/arrgusr/ROS2Dev/ws_sem26_2/install/scara_description
[4.954s] DEBUG:colcon.colcon_core.event_handler.log_command:Invoking command in '/home/arrgusr/ROS2Dev/ws_sem26_2/build/scara_description': CMAKE_PREFIX_PATH=${CMAKE_PREFIX_PATH}:/opt/ros/jazzy DEBUGINFOD_URLS=https://debuginfod.ubuntu.com /usr/bin/cmake --build /home/arrgusr/ROS2Dev/ws_sem26_2/build/scara_description -- -j2 -l2
[5.012s] DEBUG:colcon.colcon_core.event_handler.log_command:Invoked command in '/home/arrgusr/ROS2Dev/ws_sem26_2/build/scara_description' returned '0': CMAKE_PREFIX_PATH=${CMAKE_PREFIX_PATH}:/opt/ros/jazzy DEBUGINFOD_URLS=https://debuginfod.ubuntu.com /usr/bin/cmake --build /home/arrgusr/ROS2Dev/ws_sem26_2/build/scara_description -- -j2 -l2
[5.014s] DEBUG:colcon.colcon_core.event_handler.log_command:Invoking command in '/home/arrgusr/ROS2Dev/ws_sem26_2/build/scara_description': CMAKE_PREFIX_PATH=${CMAKE_PREFIX_PATH}:/opt/ros/jazzy DEBUGINFOD_URLS=https://debuginfod.ubuntu.com /usr/bin/cmake --install /home/arrgusr/ROS2Dev/ws_sem26_2/build/scara_description
[5.035s] Level 1:colcon.colcon_core.environment:create_environment_scripts_only(scara_description)
[5.036s] Level 1:colcon.colcon_core.environment:checking '/home/arrgusr/ROS2Dev/ws_sem26_2/install/scara_description' for CMake module files
[5.036s] DEBUG:colcon.colcon_core.event_handler.log_command:Invoked command in '/home/arrgusr/ROS2Dev/ws_sem26_2/build/scara_description' returned '0': CMAKE_PREFIX_PATH=${CMAKE_PREFIX_PATH}:/opt/ros/jazzy DEBUGINFOD_URLS=https://debuginfod.ubuntu.com /usr/bin/cmake --install /home/arrgusr/ROS2Dev/ws_sem26_2/build/scara_description
[5.037s] Level 1:colcon.colcon_core.environment:checking '/home/arrgusr/ROS2Dev/ws_sem26_2/install/scara_description' for CMake config files
[5.037s] Level 1:colcon.colcon_core.shell:create_environment_hook('scara_description', 'cmake_prefix_path')
[5.037s] INFO:colcon.colcon_core.shell:Creating environment hook '/home/arrgusr/ROS2Dev/ws_sem26_2/install/scara_description/share/scara_description/hook/cmake_prefix_path.ps1'
[5.038s] INFO:colcon.colcon_core.shell:Creating environment descriptor '/home/arrgusr/ROS2Dev/ws_sem26_2/install/scara_description/share/scara_description/hook/cmake_prefix_path.dsv'
[5.038s] INFO:colcon.colcon_core.shell:Creating environment hook '/home/arrgusr/ROS2Dev/ws_sem26_2/install/scara_description/share/scara_description/hook/cmake_prefix_path.sh'
[5.038s] Level 1:colcon.colcon_core.environment:checking '/home/arrgusr/ROS2Dev/ws_sem26_2/install/scara_description/bin'
[5.039s] Level 1:colcon.colcon_core.environment:checking '/home/arrgusr/ROS2Dev/ws_sem26_2/install/scara_description/lib/pkgconfig/scara_description.pc'
[5.039s] Level 1:colcon.colcon_core.environment:checking '/home/arrgusr/ROS2Dev/ws_sem26_2/install/scara_description/lib/python3.12/site-packages'
[5.040s] Level 1:colcon.colcon_core.environment:checking '/home/arrgusr/ROS2Dev/ws_sem26_2/install/scara_description/bin'
[5.040s] INFO:colcon.colcon_core.shell:Creating package script '/home/arrgusr/ROS2Dev/ws_sem26_2/install/scara_description/share/scara_description/package.ps1'
[5.040s] INFO:colcon.colcon_core.shell:Creating package descriptor '/home/arrgusr/ROS2Dev/ws_sem26_2/install/scara_description/share/scara_description/package.dsv'
[5.041s] INFO:colcon.colcon_core.shell:Creating package script '/home/arrgusr/ROS2Dev/ws_sem26_2/install/scara_description/share/scara_description/package.sh'
[5.041s] INFO:colcon.colcon_core.shell:Creating package script '/home/arrgusr/ROS2Dev/ws_sem26_2/install/scara_description/share/scara_description/package.bash'
[5.041s] INFO:colcon.colcon_core.shell:Creating package script '/home/arrgusr/ROS2Dev/ws_sem26_2/install/scara_description/share/scara_description/package.zsh'
[5.042s] Level 1:colcon.colcon_core.environment:create_file_with_runtime_dependencies(/home/arrgusr/ROS2Dev/ws_sem26_2/install/scara_description/share/colcon-core/packages/scara_description)
[5.042s] Level 1:colcon.colcon_core.environment:create_environment_scripts_only(scara_description)
[5.042s] Level 1:colcon.colcon_core.environment:checking '/home/arrgusr/ROS2Dev/ws_sem26_2/install/scara_description' for CMake module files
[5.043s] Level 1:colcon.colcon_core.environment:checking '/home/arrgusr/ROS2Dev/ws_sem26_2/install/scara_description' for CMake config files
[5.043s] Level 1:colcon.colcon_core.shell:create_environment_hook('scara_description', 'cmake_prefix_path')
[5.043s] INFO:colcon.colcon_core.shell:Creating environment hook '/home/arrgusr/ROS2Dev/ws_sem26_2/install/scara_description/share/scara_description/hook/cmake_prefix_path.ps1'
[5.044s] INFO:colcon.colcon_core.shell:Creating environment descriptor '/home/arrgusr/ROS2Dev/ws_sem26_2/install/scara_description/share/scara_description/hook/cmake_prefix_path.dsv'
[5.044s] INFO:colcon.colcon_core.shell:Creating environment hook '/home/arrgusr/ROS2Dev/ws_sem26_2/install/scara_description/share/scara_description/hook/cmake_prefix_path.sh'
[5.045s] Level 1:colcon.colcon_core.environment:checking '/home/arrgusr/ROS2Dev/ws_sem26_2/install/scara_description/bin'
[5.045s] Level 1:colcon.colcon_core.environment:checking '/home/arrgusr/ROS2Dev/ws_sem26_2/install/scara_description/lib/pkgconfig/scara_description.pc'
[5.045s] Level 1:colcon.colcon_core.environment:checking '/home/arrgusr/ROS2Dev/ws_sem26_2/install/scara_description/lib/python3.12/site-packages'
[5.045s] Level 1:colcon.colcon_core.environment:checking '/home/arrgusr/ROS2Dev/ws_sem26_2/install/scara_description/bin'
[5.045s] INFO:colcon.colcon_core.shell:Creating package script '/home/arrgusr/ROS2Dev/ws_sem26_2/install/scara_description/share/scara_description/package.ps1'
[5.046s] INFO:colcon.colcon_core.shell:Creating package descriptor '/home/arrgusr/ROS2Dev/ws_sem26_2/install/scara_description/share/scara_description/package.dsv'
[5.047s] INFO:colcon.colcon_core.shell:Creating package script '/home/arrgusr/ROS2Dev/ws_sem26_2/install/scara_description/share/scara_description/package.sh'
[5.047s] INFO:colcon.colcon_core.shell:Creating package script '/home/arrgusr/ROS2Dev/ws_sem26_2/install/scara_description/share/scara_description/package.bash'
[5.048s] INFO:colcon.colcon_core.shell:Creating package script '/home/arrgusr/ROS2Dev/ws_sem26_2/install/scara_description/share/scara_description/package.zsh'
[5.048s] Level 1:colcon.colcon_core.environment:create_file_with_runtime_dependencies(/home/arrgusr/ROS2Dev/ws_sem26_2/install/scara_description/share/colcon-core/packages/scara_description)
[5.049s] DEBUG:colcon.colcon_parallel_executor.executor.parallel:closing loop
[5.049s] DEBUG:colcon.colcon_parallel_executor.executor.parallel:loop closed
[5.049s] DEBUG:colcon.colcon_parallel_executor.executor.parallel:run_until_complete finished with '0'
[5.049s] DEBUG:colcon.colcon_core.event_reactor:joining thread
[5.070s] INFO:colcon.colcon_core.plugin_system:Skipping extension 'colcon_notification.desktop_notification.terminal_notifier': Not used on non-Darwin systems
[5.070s] INFO:colcon.colcon_core.plugin_system:Skipping extension 'colcon_notification.desktop_notification.win32': Not used on non-Windows systems
[5.071s] INFO:colcon.colcon_notification.desktop_notification:Sending desktop notification using 'notify2'
[5.088s] DEBUG:colcon.colcon_core.event_reactor:joined thread
[5.088s] INFO:colcon.colcon_core.shell:Creating prefix script '/home/arrgusr/ROS2Dev/ws_sem26_2/install/local_setup.ps1'
[5.091s] INFO:colcon.colcon_core.shell:Creating prefix util module '/home/arrgusr/ROS2Dev/ws_sem26_2/install/_local_setup_util_ps1.py'
[5.093s] INFO:colcon.colcon_core.shell:Creating prefix chain script '/home/arrgusr/ROS2Dev/ws_sem26_2/install/setup.ps1'
[5.096s] INFO:colcon.colcon_core.shell:Creating prefix script '/home/arrgusr/ROS2Dev/ws_sem26_2/install/local_setup.sh'
[5.098s] INFO:colcon.colcon_core.shell:Creating prefix util module '/home/arrgusr/ROS2Dev/ws_sem26_2/install/_local_setup_util_sh.py'
[5.098s] INFO:colcon.colcon_core.shell:Creating prefix chain script '/home/arrgusr/ROS2Dev/ws_sem26_2/install/setup.sh'
[5.099s] INFO:colcon.colcon_core.shell:Creating prefix script '/home/arrgusr/ROS2Dev/ws_sem26_2/install/local_setup.bash'
[5.100s] INFO:colcon.colcon_core.shell:Creating prefix chain script '/home/arrgusr/ROS2Dev/ws_sem26_2/install/setup.bash'
[5.100s] INFO:colcon.colcon_core.shell:Creating prefix script '/home/arrgusr/ROS2Dev/ws_sem26_2/install/local_setup.zsh'
[5.101s] INFO:colcon.colcon_core.shell:Creating prefix chain script '/home/arrgusr/ROS2Dev/ws_sem26_2/install/setup.zsh'
