[2.297s] Invoking command in '/home/arrgusr/ROS2Dev/ws_sem26_2/src/p0_py': DEBUGINFOD_URLS=https://debuginfod.ubuntu.com PYTHONPATH=/home/arrgusr/ROS2Dev/ws_sem26_2/build/p0_py/prefix_override:/usr/lib/python3/dist-packages/colcon_core/task/python/colcon_distutils_commands:/home/arrgusr/ROS2Dev/ws_sem26_2/install/p0_py/lib/python3.12/site-packages:${PYTHONPATH} /usr/bin/python3 -W ignore:setup.py install is deprecated -W ignore:easy_install command is deprecated setup.py egg_info --egg-base ../../build/p0_py build --build-base /home/arrgusr/ROS2Dev/ws_sem26_2/build/p0_py/build install --record /home/arrgusr/ROS2Dev/ws_sem26_2/build/p0_py/install.log --single-version-externally-managed install_data
[2.710s] running egg_info
[2.710s] creating ../../build/p0_py/p0_py.egg-info
[2.750s] writing ../../build/p0_py/p0_py.egg-info/PKG-INFO
[2.751s] writing dependency_links to ../../build/p0_py/p0_py.egg-info/dependency_links.txt
[2.751s] writing entry points to ../../build/p0_py/p0_py.egg-info/entry_points.txt
[2.752s] writing requirements to ../../build/p0_py/p0_py.egg-info/requires.txt
[2.753s] writing top-level names to ../../build/p0_py/p0_py.egg-info/top_level.txt
[2.753s] writing manifest file '../../build/p0_py/p0_py.egg-info/SOURCES.txt'
[2.807s] reading manifest file '../../build/p0_py/p0_py.egg-info/SOURCES.txt'
[2.808s] adding license file 'LICENSE'
[2.808s] writing manifest file '../../build/p0_py/p0_py.egg-info/SOURCES.txt'
[2.809s] running build
[2.809s] running build_py
[2.810s] creating /home/arrgusr/ROS2Dev/ws_sem26_2/build/p0_py/build
[2.810s] creating /home/arrgusr/ROS2Dev/ws_sem26_2/build/p0_py/build/lib
[2.810s] creating /home/arrgusr/ROS2Dev/ws_sem26_2/build/p0_py/build/lib/p0_py
[2.811s] copying p0_py/__init__.py -> /home/arrgusr/ROS2Dev/ws_sem26_2/build/p0_py/build/lib/p0_py
[2.811s] copying p0_py/generador_rpm.py -> /home/arrgusr/ROS2Dev/ws_sem26_2/build/p0_py/build/lib/p0_py
[2.818s] copying p0_py/convertidor_rads.py -> /home/arrgusr/ROS2Dev/ws_sem26_2/build/p0_py/build/lib/p0_py
[2.818s] copying p0_py/primer_nodo.py -> /home/arrgusr/ROS2Dev/ws_sem26_2/build/p0_py/build/lib/p0_py
[2.821s] running install
[2.826s] running install_lib
[2.858s] creating /home/arrgusr/ROS2Dev/ws_sem26_2/install/p0_py/lib/python3.12/site-packages/p0_py
[2.859s] copying /home/arrgusr/ROS2Dev/ws_sem26_2/build/p0_py/build/lib/p0_py/__init__.py -> /home/arrgusr/ROS2Dev/ws_sem26_2/install/p0_py/lib/python3.12/site-packages/p0_py
[2.859s] copying /home/arrgusr/ROS2Dev/ws_sem26_2/build/p0_py/build/lib/p0_py/generador_rpm.py -> /home/arrgusr/ROS2Dev/ws_sem26_2/install/p0_py/lib/python3.12/site-packages/p0_py
[2.860s] copying /home/arrgusr/ROS2Dev/ws_sem26_2/build/p0_py/build/lib/p0_py/convertidor_rads.py -> /home/arrgusr/ROS2Dev/ws_sem26_2/install/p0_py/lib/python3.12/site-packages/p0_py
[2.860s] copying /home/arrgusr/ROS2Dev/ws_sem26_2/build/p0_py/build/lib/p0_py/primer_nodo.py -> /home/arrgusr/ROS2Dev/ws_sem26_2/install/p0_py/lib/python3.12/site-packages/p0_py
[2.861s] byte-compiling /home/arrgusr/ROS2Dev/ws_sem26_2/install/p0_py/lib/python3.12/site-packages/p0_py/__init__.py to __init__.cpython-312.pyc
[2.861s] byte-compiling /home/arrgusr/ROS2Dev/ws_sem26_2/install/p0_py/lib/python3.12/site-packages/p0_py/generador_rpm.py to generador_rpm.cpython-312.pyc
[2.863s] byte-compiling /home/arrgusr/ROS2Dev/ws_sem26_2/install/p0_py/lib/python3.12/site-packages/p0_py/convertidor_rads.py to convertidor_rads.cpython-312.pyc
[2.863s] byte-compiling /home/arrgusr/ROS2Dev/ws_sem26_2/install/p0_py/lib/python3.12/site-packages/p0_py/primer_nodo.py to primer_nodo.cpython-312.pyc
[2.863s] running install_data
[2.864s] creating /home/arrgusr/ROS2Dev/ws_sem26_2/install/p0_py/share/ament_index
[2.865s] creating /home/arrgusr/ROS2Dev/ws_sem26_2/install/p0_py/share/ament_index/resource_index
[2.865s] creating /home/arrgusr/ROS2Dev/ws_sem26_2/install/p0_py/share/ament_index/resource_index/packages
[2.867s] copying resource/p0_py -> /home/arrgusr/ROS2Dev/ws_sem26_2/install/p0_py/share/ament_index/resource_index/packages
[2.867s] copying package.xml -> /home/arrgusr/ROS2Dev/ws_sem26_2/install/p0_py/share/p0_py
[2.867s] running install_egg_info
[2.897s] Copying ../../build/p0_py/p0_py.egg-info to /home/arrgusr/ROS2Dev/ws_sem26_2/install/p0_py/lib/python3.12/site-packages/p0_py-0.0.0-py3.12.egg-info
[2.898s] running install_scripts
[3.167s] Installing convertidor script to /home/arrgusr/ROS2Dev/ws_sem26_2/install/p0_py/lib/p0_py
[3.167s] Installing generador script to /home/arrgusr/ROS2Dev/ws_sem26_2/install/p0_py/lib/p0_py
[3.168s] writing list of installed files to '/home/arrgusr/ROS2Dev/ws_sem26_2/build/p0_py/install.log'
[3.215s] Invoked command in '/home/arrgusr/ROS2Dev/ws_sem26_2/src/p0_py' returned '0': DEBUGINFOD_URLS=https://debuginfod.ubuntu.com PYTHONPATH=/home/arrgusr/ROS2Dev/ws_sem26_2/build/p0_py/prefix_override:/usr/lib/python3/dist-packages/colcon_core/task/python/colcon_distutils_commands:/home/arrgusr/ROS2Dev/ws_sem26_2/install/p0_py/lib/python3.12/site-packages:${PYTHONPATH} /usr/bin/python3 -W ignore:setup.py install is deprecated -W ignore:easy_install command is deprecated setup.py egg_info --egg-base ../../build/p0_py build --build-base /home/arrgusr/ROS2Dev/ws_sem26_2/build/p0_py/build install --record /home/arrgusr/ROS2Dev/ws_sem26_2/build/p0_py/install.log --single-version-externally-managed install_data
